// Jest Snapshot v1, https://goo.gl/fbAQLP

exports[`matches snapshot for default criteria 1`] = `
<styled.div>
  <Routes />
</styled.div>
`;
